// Vitest Snapshot v1, https://vitest.dev/guide/snapshot.html

exports[`GET /api/admin/srm/tutoring-users > 응답이 기준 스냅샷과 같다 1`] = `
{
  "crmUnlinked": [
    {
      "grade": "12",
      "id": "c9",
      "name": "미연결학생",
      "parent_phone": "010",
    },
  ],
  "linked": [
    {
      "crmStudentId": "c2",
      "grade": "10",
      "name": "이학생",
      "netRemainingHours": -318,
      "overscheduledHours": 318,
      "paymentStatus": "onboarding",
      "purchasedHours": 12,
      "refundedHours": 0,
      "remainingHours": 0,
      "scheduledHours": 0,
      "sfv2ProfileId": "s2",
      "status": "onboarding",
      "subjectBreakdown": [
        {
          "completed": 0,
          "overscheduled": 0,
          "paymentStatus": "onboarding",
          "purchased": 12,
          "refunded": 0,
          "remaining": 12,
          "scheduled": 0,
          "subject": "SAT",
          "unscheduled": 12,
        },
        {
          "completed": 330,
          "overscheduled": 330,
          "paymentStatus": null,
          "purchased": 0,
          "refunded": 0,
          "remaining": -330,
          "scheduled": 0,
          "subject": "AP",
          "unscheduled": 0,
        },
      ],
      "subjects": [
        "SAT",
      ],
      "unscheduledHours": 0,
      "usedHours": 330,
    },
    {
      "crmStudentId": "c1",
      "grade": "11",
      "name": "김학생",
      "netRemainingHours": -234.5,
      "overscheduledHours": 305.5,
      "paymentStatus": "active",
      "purchasedHours": 30,
      "refundedHours": 2,
      "remainingHours": 0,
      "scheduledHours": 71,
      "sfv2ProfileId": "s1",
      "status": "paused",
      "subjectBreakdown": [
        {
          "completed": 262.5,
          "overscheduled": 315.5,
          "paymentStatus": "active",
          "purchased": 20,
          "refunded": 2,
          "remaining": -244.5,
          "scheduled": 71,
          "subject": "SAT",
          "unscheduled": 0,
        },
        {
          "completed": 0,
          "overscheduled": 0,
          "paymentStatus": "paused",
          "purchased": 10,
          "refunded": 0,
          "remaining": 10,
          "scheduled": 0,
          "subject": "AP",
          "unscheduled": 10,
        },
      ],
      "subjects": [
        "AP",
        "SAT",
      ],
      "unscheduledHours": 0,
      "usedHours": 262.5,
    },
    {
      "crmStudentId": null,
      "grade": null,
      "name": "프로필s3",
      "netRemainingHours": -263.5,
      "overscheduledHours": 335,
      "paymentStatus": "inactive",
      "purchasedHours": 0,
      "refundedHours": 0,
      "remainingHours": 0,
      "scheduledHours": 71.5,
      "sfv2ProfileId": "s3",
      "status": "ended",
      "subjectBreakdown": [
        {
          "completed": 263.5,
          "overscheduled": 335,
          "paymentStatus": "inactive",
          "purchased": 0,
          "refunded": 0,
          "remaining": -263.5,
          "scheduled": 71.5,
          "subject": "SAT",
          "unscheduled": 0,
        },
      ],
      "subjects": [
        "SAT",
      ],
      "unscheduledHours": 0,
      "usedHours": 263.5,
    },
  ],
  "unlinked": [
    {
      "name": "프로필s4",
      "netRemainingHours": -321,
      "purchasedHours": 8,
      "remainingHours": 0,
      "sfv2ProfileId": "s4",
    },
  ],
}
`;
